<?xml version="1.0" encoding="utf-8"?><testsuites name="pytest tests"><testsuite name="pytest" errors="0" failures="0" skipped="0" tests="34" time="0.173" timestamp="2026-06-11T15:54:49.367736-05:00" hostname="DESKTOP-0VF2NM7"><testcase classname="tests.test_membership" name="test_validate_existing_membership_plan" time="0.003" /><testcase classname="tests.test_membership" name="test_validate_invalid_membership_plan" time="0.002" /><testcase classname="tests.test_membership" name="test_validate_valid_additional_features" time="0.002" /><testcase classname="tests.test_membership" name="test_validate_invalid_additional_features" time="0.001" /><testcase classname="tests.test_membership" name="test_validate_valid_members_count" time="0.001" /><testcase classname="tests.test_membership" name="test_validate_invalid_members_count_zero" time="0.001" /><testcase classname="tests.test_membership" name="test_validate_invalid_members_count_string" time="0.001" /><testcase classname="tests.test_membership" name="test_calculate_base_membership_cost" time="0.002" /><testcase classname="tests.test_membership" name="test_calculate_base_membership_cost_invalid_plan" time="0.001" /><testcase classname="tests.test_membership" name="test_calculate_additional_features_cost" time="0.001" /><testcase classname="tests.test_membership" name="test_calculate_additional_features_cost_empty_list" time="0.001" /><testcase classname="tests.test_membership" name="test_calculate_additional_features_cost_invalid_feature" time="0.001" /><testcase classname="tests.test_membership" name="test_contains_premium_features_true" time="0.002" /><testcase classname="tests.test_membership" name="test_contains_premium_features_false" time="0.001" /><testcase classname="tests.test_membership" name="test_calculate_group_discount_for_two_members" time="0.001" /><testcase classname="tests.test_membership" name="test_calculate_group_discount_for_one_member" time="0.001" /><testcase classname="tests.test_membership" name="test_calculate_special_offer_discount_over_200" time="0.001" /><testcase classname="tests.test_membership" name="test_calculate_special_offer_discount_over_400" time="0.001" /><testcase classname="tests.test_membership" name="test_calculate_special_offer_discount_without_discount" time="0.001" /><testcase classname="tests.test_membership" name="test_calculate_premium_surcharge_with_premium_feature" time="0.001" /><testcase classname="tests.test_membership" name="test_calculate_premium_surcharge_without_premium_feature" time="0.001" /><testcase classname="tests.test_membership" name="test_calculate_total_basic_without_features" time="0.001" /><testcase classname="tests.test_membership" name="test_calculate_total_with_group_discount" time="0.001" /><testcase classname="tests.test_membership" name="test_calculate_total_with_special_discount_over_200" time="0.001" /><testcase classname="tests.test_membership" name="test_calculate_total_with_special_discount_over_400" time="0.001" /><testcase classname="tests.test_membership" name="test_calculate_total_with_premium_surcharge" time="0.001" /><testcase classname="tests.test_membership" name="test_calculate_total_cancelled_plan" time="0.001" /><testcase classname="tests.test_membership" name="test_calculate_total_invalid_plan" time="0.001" /><testcase classname="tests.test_membership" name="test_calculate_total_invalid_feature" time="0.001" /><testcase classname="tests.test_membership" name="test_calculate_total_invalid_members_count" time="0.001" /><testcase classname="tests.test_membership" name="test_generate_valid_summary" time="0.001" /><testcase classname="tests.test_membership" name="test_generate_summary_invalid_plan" time="0.001" /><testcase classname="tests.test_membership" name="test_generate_summary_invalid_feature" time="0.001" /><testcase classname="tests.test_membership" name="test_generate_summary_invalid_members_count" time="0.000" /></testsuite></testsuites>